  CREATE_STREAM @0 {NAME:serdes_5_packet_sequences T:TVM SCOPE:uvm_test_top.tb.serdes.agent.sequencer STREAM:1}
BEGIN @0 {TXH:2 STREAM:1 NAME:serdes_5_packet_sequences TIME=0  TYPE="Begin_No_Parent, Link" LABEL:"" DESC=""}
BEGIN @16000 {TXH:3 STREAM:1 NAME:req TIME=0  TYPE="Begin_End, Link" LABEL:"" DESC=""}
  LINK @16000 {TXH1:2 TXH2:3 RELATION=child}
  CREATE_STREAM @25000 {NAME:Driver_SerDes_Packet T:TVM SCOPE:uvm_test_top.tb.serdes.agent.driver STREAM:4}
BEGIN @25000 {TXH:5 STREAM:4 NAME:req TIME=0  TYPE="Begin_End, Link" LABEL:"" DESC=""}
  LINK @25000 {TXH1:2 TXH2:5 RELATION=child}
  SET_ATTR @205000 {TXH:5 NAME:payload_A VALUE:129   RADIX:UVM_BIN BITS=32}
  SET_ATTR @205000 {TXH:5 NAME:payload_B VALUE:246   RADIX:UVM_BIN BITS=32}
  SET_ATTR @205000 {TXH:5 NAME:payload VALUE:246   RADIX:UVM_BIN BITS=32}
  SET_ATTR @205000 {TXH:5 NAME:dir VALUE:357862432578   RADIX:UVM_STRING BITS=40}
END @205000 {TXH:5 TIME=0}
FREE @205000 {TXH:5}
  SET_ATTR @205000 {TXH:3 NAME:payload_A VALUE:129   RADIX:UVM_BIN BITS=32}
  SET_ATTR @205000 {TXH:3 NAME:payload_B VALUE:246   RADIX:UVM_BIN BITS=32}
  SET_ATTR @205000 {TXH:3 NAME:payload VALUE:246   RADIX:UVM_BIN BITS=32}
  SET_ATTR @205000 {TXH:3 NAME:dir VALUE:357862432578   RADIX:UVM_STRING BITS=40}
END @205000 {TXH:3 TIME=0}
FREE @205000 {TXH:3}
BEGIN @205000 {TXH:6 STREAM:1 NAME:req TIME=0  TYPE="Begin_End, Link" LABEL:"" DESC=""}
  LINK @205000 {TXH1:2 TXH2:6 RELATION=child}
BEGIN @215000 {TXH:7 STREAM:4 NAME:req TIME=0  TYPE="Begin_End, Link" LABEL:"" DESC=""}
  LINK @215000 {TXH1:2 TXH2:7 RELATION=child}
  SET_ATTR @395000 {TXH:7 NAME:payload_A VALUE:252   RADIX:UVM_BIN BITS=32}
  SET_ATTR @395000 {TXH:7 NAME:payload_B VALUE:179   RADIX:UVM_BIN BITS=32}
  SET_ATTR @395000 {TXH:7 NAME:payload VALUE:179   RADIX:UVM_BIN BITS=32}
  SET_ATTR @395000 {TXH:7 NAME:dir VALUE:357862432578   RADIX:UVM_STRING BITS=40}
END @395000 {TXH:7 TIME=0}
FREE @395000 {TXH:7}
  SET_ATTR @395000 {TXH:6 NAME:payload_A VALUE:252   RADIX:UVM_BIN BITS=32}
  SET_ATTR @395000 {TXH:6 NAME:payload_B VALUE:179   RADIX:UVM_BIN BITS=32}
  SET_ATTR @395000 {TXH:6 NAME:payload VALUE:179   RADIX:UVM_BIN BITS=32}
  SET_ATTR @395000 {TXH:6 NAME:dir VALUE:357862432578   RADIX:UVM_STRING BITS=40}
END @395000 {TXH:6 TIME=0}
FREE @395000 {TXH:6}
BEGIN @395000 {TXH:8 STREAM:1 NAME:req TIME=0  TYPE="Begin_End, Link" LABEL:"" DESC=""}
  LINK @395000 {TXH1:2 TXH2:8 RELATION=child}
BEGIN @405000 {TXH:9 STREAM:4 NAME:req TIME=0  TYPE="Begin_End, Link" LABEL:"" DESC=""}
  LINK @405000 {TXH1:2 TXH2:9 RELATION=child}
  SET_ATTR @585000 {TXH:9 NAME:payload_A VALUE:179   RADIX:UVM_BIN BITS=32}
  SET_ATTR @585000 {TXH:9 NAME:payload_B VALUE:89   RADIX:UVM_BIN BITS=32}
  SET_ATTR @585000 {TXH:9 NAME:payload VALUE:179   RADIX:UVM_BIN BITS=32}
  SET_ATTR @585000 {TXH:9 NAME:dir VALUE:357862432577   RADIX:UVM_STRING BITS=40}
END @585000 {TXH:9 TIME=0}
FREE @585000 {TXH:9}
  SET_ATTR @585000 {TXH:8 NAME:payload_A VALUE:179   RADIX:UVM_BIN BITS=32}
  SET_ATTR @585000 {TXH:8 NAME:payload_B VALUE:89   RADIX:UVM_BIN BITS=32}
  SET_ATTR @585000 {TXH:8 NAME:payload VALUE:179   RADIX:UVM_BIN BITS=32}
  SET_ATTR @585000 {TXH:8 NAME:dir VALUE:357862432577   RADIX:UVM_STRING BITS=40}
END @585000 {TXH:8 TIME=0}
FREE @585000 {TXH:8}
BEGIN @585000 {TXH:10 STREAM:1 NAME:req TIME=0  TYPE="Begin_End, Link" LABEL:"" DESC=""}
  LINK @585000 {TXH1:2 TXH2:10 RELATION=child}
BEGIN @595000 {TXH:11 STREAM:4 NAME:req TIME=0  TYPE="Begin_End, Link" LABEL:"" DESC=""}
  LINK @595000 {TXH1:2 TXH2:11 RELATION=child}
  SET_ATTR @775000 {TXH:11 NAME:payload_A VALUE:171   RADIX:UVM_BIN BITS=32}
  SET_ATTR @775000 {TXH:11 NAME:payload_B VALUE:253   RADIX:UVM_BIN BITS=32}
  SET_ATTR @775000 {TXH:11 NAME:payload VALUE:253   RADIX:UVM_BIN BITS=32}
  SET_ATTR @775000 {TXH:11 NAME:dir VALUE:357862432578   RADIX:UVM_STRING BITS=40}
END @775000 {TXH:11 TIME=0}
FREE @775000 {TXH:11}
  SET_ATTR @775000 {TXH:10 NAME:payload_A VALUE:171   RADIX:UVM_BIN BITS=32}
  SET_ATTR @775000 {TXH:10 NAME:payload_B VALUE:253   RADIX:UVM_BIN BITS=32}
  SET_ATTR @775000 {TXH:10 NAME:payload VALUE:253   RADIX:UVM_BIN BITS=32}
  SET_ATTR @775000 {TXH:10 NAME:dir VALUE:357862432578   RADIX:UVM_STRING BITS=40}
END @775000 {TXH:10 TIME=0}
FREE @775000 {TXH:10}
BEGIN @775000 {TXH:12 STREAM:1 NAME:req TIME=0  TYPE="Begin_End, Link" LABEL:"" DESC=""}
  LINK @775000 {TXH1:2 TXH2:12 RELATION=child}
BEGIN @785000 {TXH:13 STREAM:4 NAME:req TIME=0  TYPE="Begin_End, Link" LABEL:"" DESC=""}
  LINK @785000 {TXH1:2 TXH2:13 RELATION=child}
  SET_ATTR @965000 {TXH:13 NAME:payload_A VALUE:33   RADIX:UVM_BIN BITS=32}
  SET_ATTR @965000 {TXH:13 NAME:payload_B VALUE:236   RADIX:UVM_BIN BITS=32}
  SET_ATTR @965000 {TXH:13 NAME:payload VALUE:236   RADIX:UVM_BIN BITS=32}
  SET_ATTR @965000 {TXH:13 NAME:dir VALUE:357862432578   RADIX:UVM_STRING BITS=40}
END @965000 {TXH:13 TIME=0}
FREE @965000 {TXH:13}
  SET_ATTR @965000 {TXH:12 NAME:payload_A VALUE:33   RADIX:UVM_BIN BITS=32}
  SET_ATTR @965000 {TXH:12 NAME:payload_B VALUE:236   RADIX:UVM_BIN BITS=32}
  SET_ATTR @965000 {TXH:12 NAME:payload VALUE:236   RADIX:UVM_BIN BITS=32}
  SET_ATTR @965000 {TXH:12 NAME:dir VALUE:357862432578   RADIX:UVM_STRING BITS=40}
END @965000 {TXH:12 TIME=0}
FREE @965000 {TXH:12}
END @965000 {TXH:2 TIME=0}
FREE @965000 {TXH:2}
